Archive member included to satisfy reference by file (symbol)

c:/st/stm32cubeide_1.11.0/stm32cubeide/plugins/com.st.stm32cube.ide.mcu.externaltools.gnu-tools-for-stm32.10.3-2021.10.win32_1.0.100.202210260954/tools/bin/../lib/gcc/arm-none-eabi/10.3.1/../../../../arm-none-eabi/lib/thumb/v7e-m+fp/hard\libc_nano.a(lib_a-errno.o)
                              ./Core/Src/syscalls.o (__errno)
c:/st/stm32cubeide_1.11.0/stm32cubeide/plugins/com.st.stm32cube.ide.mcu.externaltools.gnu-tools-for-stm32.10.3-2021.10.win32_1.0.100.202210260954/tools/bin/../lib/gcc/arm-none-eabi/10.3.1/../../../../arm-none-eabi/lib/thumb/v7e-m+fp/hard\libc_nano.a(lib_a-exit.o)
                              c:/st/stm32cubeide_1.11.0/stm32cubeide/plugins/com.st.stm32cube.ide.mcu.externaltools.gnu-tools-for-stm32.10.3-2021.10.win32_1.0.100.202210260954/tools/bin/../lib/gcc/arm-none-eabi/10.3.1/../../../../arm-none-eabi/lib/thumb/v7e-m+fp/hard/crt0.o (exit)
c:/st/stm32cubeide_1.11.0/stm32cubeide/plugins/com.st.stm32cube.ide.mcu.externaltools.gnu-tools-for-stm32.10.3-2021.10.win32_1.0.100.202210260954/tools/bin/../lib/gcc/arm-none-eabi/10.3.1/../../../../arm-none-eabi/lib/thumb/v7e-m+fp/hard\libc_nano.a(lib_a-impure.o)
                              c:/st/stm32cubeide_1.11.0/stm32cubeide/plugins/com.st.stm32cube.ide.mcu.externaltools.gnu-tools-for-stm32.10.3-2021.10.win32_1.0.100.202210260954/tools/bin/../lib/gcc/arm-none-eabi/10.3.1/../../../../arm-none-eabi/lib/thumb/v7e-m+fp/hard\libc_nano.a(lib_a-exit.o) (_global_impure_ptr)
c:/st/stm32cubeide_1.11.0/stm32cubeide/plugins/com.st.stm32cube.ide.mcu.externaltools.gnu-tools-for-stm32.10.3-2021.10.win32_1.0.100.202210260954/tools/bin/../lib/gcc/arm-none-eabi/10.3.1/../../../../arm-none-eabi/lib/thumb/v7e-m+fp/hard\libc_nano.a(lib_a-init.o)
                              c:/st/stm32cubeide_1.11.0/stm32cubeide/plugins/com.st.stm32cube.ide.mcu.externaltools.gnu-tools-for-stm32.10.3-2021.10.win32_1.0.100.202210260954/tools/bin/../lib/gcc/arm-none-eabi/10.3.1/../../../../arm-none-eabi/lib/thumb/v7e-m+fp/hard/crt0.o (__libc_init_array)
c:/st/stm32cubeide_1.11.0/stm32cubeide/plugins/com.st.stm32cube.ide.mcu.externaltools.gnu-tools-for-stm32.10.3-2021.10.win32_1.0.100.202210260954/tools/bin/../lib/gcc/arm-none-eabi/10.3.1/../../../../arm-none-eabi/lib/thumb/v7e-m+fp/hard\libc_nano.a(lib_a-memset.o)
                              c:/st/stm32cubeide_1.11.0/stm32cubeide/plugins/com.st.stm32cube.ide.mcu.externaltools.gnu-tools-for-stm32.10.3-2021.10.win32_1.0.100.202210260954/tools/bin/../lib/gcc/arm-none-eabi/10.3.1/../../../../arm-none-eabi/lib/thumb/v7e-m+fp/hard/crt0.o (memset)
c:/st/stm32cubeide_1.11.0/stm32cubeide/plugins/com.st.stm32cube.ide.mcu.externaltools.gnu-tools-for-stm32.10.3-2021.10.win32_1.0.100.202210260954/tools/bin/../lib/gcc/arm-none-eabi/10.3.1/thumb/v7e-m+fp/hard\libgcc.a(_aeabi_uldivmod.o)
                              ./Drivers/STM32F4xx_HAL_Driver/Src/stm32f4xx_hal_rcc.o (__aeabi_uldivmod)
c:/st/stm32cubeide_1.11.0/stm32cubeide/plugins/com.st.stm32cube.ide.mcu.externaltools.gnu-tools-for-stm32.10.3-2021.10.win32_1.0.100.202210260954/tools/bin/../lib/gcc/arm-none-eabi/10.3.1/thumb/v7e-m+fp/hard\libgcc.a(_udivmoddi4.o)
                              c:/st/stm32cubeide_1.11.0/stm32cubeide/plugins/com.st.stm32cube.ide.mcu.externaltools.gnu-tools-for-stm32.10.3-2021.10.win32_1.0.100.202210260954/tools/bin/../lib/gcc/arm-none-eabi/10.3.1/thumb/v7e-m+fp/hard\libgcc.a(_aeabi_uldivmod.o) (__udivmoddi4)
c:/st/stm32cubeide_1.11.0/stm32cubeide/plugins/com.st.stm32cube.ide.mcu.externaltools.gnu-tools-for-stm32.10.3-2021.10.win32_1.0.100.202210260954/tools/bin/../lib/gcc/arm-none-eabi/10.3.1/thumb/v7e-m+fp/hard\libgcc.a(_dvmd_tls.o)
                              c:/st/stm32cubeide_1.11.0/stm32cubeide/plugins/com.st.stm32cube.ide.mcu.externaltools.gnu-tools-for-stm32.10.3-2021.10.win32_1.0.100.202210260954/tools/bin/../lib/gcc/arm-none-eabi/10.3.1/thumb/v7e-m+fp/hard\libgcc.a(_aeabi_uldivmod.o) (__aeabi_ldiv0)

Discarded input sections

 .text          0x0000000000000000        0x0 c:/st/stm32cubeide_1.11.0/stm32cubeide/plugins/com.st.stm32cube.ide.mcu.externaltools.gnu-tools-for-stm32.10.3-2021.10.win32_1.0.100.202210260954/tools/bin/../lib/gcc/arm-none-eabi/10.3.1/thumb/v7e-m+fp/hard/crti.o
 .data          0x0000000000000000        0x0 c:/st/stm32cubeide_1.11.0/stm32cubeide/plugins/com.st.stm32cube.ide.mcu.externaltools.gnu-tools-for-stm32.10.3-2021.10.win32_1.0.100.202210260954/tools/bin/../lib/gcc/arm-none-eabi/10.3.1/thumb/v7e-m+fp/hard/crti.o
 .bss           0x0000000000000000        0x0 c:/st/stm32cubeide_1.11.0/stm32cubeide/plugins/com.st.stm32cube.ide.mcu.externaltools.gnu-tools-for-stm32.10.3-2021.10.win32_1.0.100.202210260954/tools/bin/../lib/gcc/arm-none-eabi/10.3.1/thumb/v7e-m+fp/hard/crti.o
[...]
Memory Configuration

Name             Origin             Length             Attributes
CCMRAM           0x0000000010000000 0x0000000000010000 xrw
RAM              0x0000000020000000 0x0000000000020000 xrw
FLASH            0x0000000008000000 0x0000000000100000 xr
*default*        0x0000000000000000 0xffffffffffffffff

Linker script and memory map

LOAD c:/st/stm32cubeide_1.11.0/stm32cubeide/plugins/com.st.stm32cube.ide.mcu.externaltools.gnu-tools-for-stm32.10.3-2021.10.win32_1.0.100.202210260954/tools/bin/../lib/gcc/arm-none-eabi/10.3.1/thumb/v7e-m+fp/hard/crti.o
LOAD c:/st/stm32cubeide_1.11.0/stm32cubeide/plugins/com.st.stm32cube.ide.mcu.externaltools.gnu-tools-for-stm32.10.3-2021.10.win32_1.0.100.202210260954/tools/bin/../lib/gcc/arm-none-eabi/10.3.1/thumb/v7e-m+fp/hard/crtbegin.o
LOAD c:/st/stm32cubeide_1.11.0/stm32cubeide/plugins/com.st.stm32cube.ide.mcu.externaltools.gnu-tools-for-stm32.10.3-2021.10.win32_1.0.100.202210260954/tools/bin/../lib/gcc/arm-none-eabi/10.3.1/../../../../arm-none-eabi/lib/thumb/v7e-m+fp/hard/crt0.o
LOAD ./Core/Src/PCA21125.o
LOAD ./Core/Src/main.o
LOAD ./Core/Src/stm32f4xx_hal_msp.o
LOAD ./Core/Src/stm32f4xx_it.o
LOAD ./Core/Src/syscalls.o
LOAD ./Core/Src/sysmem.o
LOAD ./Core/Src/system_stm32f4xx.o
LOAD ./Core/Startup/startup_stm32f407vgtx.o
LOAD ./Drivers/STM32F4xx_HAL_Driver/Src/stm32f4xx_hal.o
LOAD ./Drivers/STM32F4xx_HAL_Driver/Src/stm32f4xx_hal_cortex.o
LOAD ./Drivers/STM32F4xx_HAL_Driver/Src/stm32f4xx_hal_dma.o
LOAD ./Drivers/STM32F4xx_HAL_Driver/Src/stm32f4xx_hal_dma_ex.o
LOAD ./Drivers/STM32F4xx_HAL_Driver/Src/stm32f4xx_hal_exti.o
LOAD ./Drivers/STM32F4xx_HAL_Driver/Src/stm32f4xx_hal_flash.o
LOAD ./Drivers/STM32F4xx_HAL_Driver/Src/stm32f4xx_hal_flash_ex.o
LOAD ./Drivers/STM32F4xx_HAL_Driver/Src/stm32f4xx_hal_flash_ramfunc.o
LOAD ./Drivers/STM32F4xx_HAL_Driver/Src/stm32f4xx_hal_gpio.o
LOAD ./Drivers/STM32F4xx_HAL_Driver/Src/stm32f4xx_hal_pwr.o
LOAD ./Drivers/STM32F4xx_HAL_Driver/Src/stm32f4xx_hal_pwr_ex.o
LOAD ./Drivers/STM32F4xx_HAL_Driver/Src/stm32f4xx_hal_rcc.o
LOAD ./Drivers/STM32F4xx_HAL_Driver/Src/stm32f4xx_hal_rcc_ex.o
LOAD ./Drivers/STM32F4xx_HAL_Driver/Src/stm32f4xx_hal_spi.o
LOAD ./Drivers/STM32F4xx_HAL_Driver/Src/stm32f4xx_hal_tim.o
LOAD ./Drivers/STM32F4xx_HAL_Driver/Src/stm32f4xx_hal_tim_ex.o
START GROUP
LOAD c:/st/stm32cubeide_1.11.0/stm32cubeide/plugins/com.st.stm32cube.ide.mcu.externaltools.gnu-tools-for-stm32.10.3-2021.10.win32_1.0.100.202210260954/tools/bin/../lib/gcc/arm-none-eabi/10.3.1/../../../../arm-none-eabi/lib/thumb/v7e-m+fp/hard\libc_nano.a
LOAD c:/st/stm32cubeide_1.11.0/stm32cubeide/plugins/com.st.stm32cube.ide.mcu.externaltools.gnu-tools-for-stm32.10.3-2021.10.win32_1.0.100.202210260954/tools/bin/../lib/gcc/arm-none-eabi/10.3.1/../../../../arm-none-eabi/lib/thumb/v7e-m+fp/hard\libm.a
END GROUP
START GROUP
LOAD c:/st/stm32cubeide_1.11.0/stm32cubeide/plugins/com.st.stm32cube.ide.mcu.externaltools.gnu-tools-for-stm32.10.3-2021.10.win32_1.0.100.202210260954/tools/bin/../lib/gcc/arm-none-eabi/10.3.1/thumb/v7e-m+fp/hard\libgcc.a
LOAD c:/st/stm32cubeide_1.11.0/stm32cubeide/plugins/com.st.stm32cube.ide.mcu.externaltools.gnu-tools-for-stm32.10.3-2021.10.win32_1.0.100.202210260954/tools/bin/../lib/gcc/arm-none-eabi/10.3.1/../../../../arm-none-eabi/lib/thumb/v7e-m+fp/hard\libc_nano.a
END GROUP
START GROUP
LOAD c:/st/stm32cubeide_1.11.0/stm32cubeide/plugins/com.st.stm32cube.ide.mcu.externaltools.gnu-tools-for-stm32.10.3-2021.10.win32_1.0.100.202210260954/tools/bin/../lib/gcc/arm-none-eabi/10.3.1/thumb/v7e-m+fp/hard\libgcc.a
LOAD c:/st/stm32cubeide_1.11.0/stm32cubeide/plugins/com.st.stm32cube.ide.mcu.externaltools.gnu-tools-for-stm32.10.3-2021.10.win32_1.0.100.202210260954/tools/bin/../lib/gcc/arm-none-eabi/10.3.1/../../../../arm-none-eabi/lib/thumb/v7e-m+fp/hard\libc_nano.a
LOAD c:/st/stm32cubeide_1.11.0/stm32cubeide/plugins/com.st.stm32cube.ide.mcu.externaltools.gnu-tools-for-stm32.10.3-2021.10.win32_1.0.100.202210260954/tools/bin/../lib/gcc/arm-none-eabi/10.3.1/../../../../arm-none-eabi/lib/thumb/v7e-m+fp/hard\libnosys.a
END GROUP
START GROUP
LOAD c:/st/stm32cubeide_1.11.0/stm32cubeide/plugins/com.st.stm32cube.ide.mcu.externaltools.gnu-tools-for-stm32.10.3-2021.10.win32_1.0.100.202210260954/tools/bin/../lib/gcc/arm-none-eabi/10.3.1/thumb/v7e-m+fp/hard\libgcc.a
LOAD c:/st/stm32cubeide_1.11.0/stm32cubeide/plugins/com.st.stm32cube.ide.mcu.externaltools.gnu-tools-for-stm32.10.3-2021.10.win32_1.0.100.202210260954/tools/bin/../lib/gcc/arm-none-eabi/10.3.1/../../../../arm-none-eabi/lib/thumb/v7e-m+fp/hard\libc_nano.a
LOAD c:/st/stm32cubeide_1.11.0/stm32cubeide/plugins/com.st.stm32cube.ide.mcu.externaltools.gnu-tools-for-stm32.10.3-2021.10.win32_1.0.100.202210260954/tools/bin/../lib/gcc/arm-none-eabi/10.3.1/../../../../arm-none-eabi/lib/thumb/v7e-m+fp/hard\libnosys.a
END GROUP
LOAD c:/st/stm32cubeide_1.11.0/stm32cubeide/plugins/com.st.stm32cube.ide.mcu.externaltools.gnu-tools-for-stm32.10.3-2021.10.win32_1.0.100.202210260954/tools/bin/../lib/gcc/arm-none-eabi/10.3.1/thumb/v7e-m+fp/hard/crtend.o
LOAD c:/st/stm32cubeide_1.11.0/stm32cubeide/plugins/com.st.stm32cube.ide.mcu.externaltools.gnu-tools-for-stm32.10.3-2021.10.win32_1.0.100.202210260954/tools/bin/../lib/gcc/arm-none-eabi/10.3.1/thumb/v7e-m+fp/hard/crtn.o
                0x0000000020020000                _estack = (ORIGIN (RAM) + LENGTH (RAM))
                0x0000000000000200                _Min_Heap_Size = 0x200
                0x0000000000000400                _Min_Stack_Size = 0x400

.isr_vector     0x0000000008000000      0x188
                0x0000000008000000                . = ALIGN (0x4)
 *(.isr_vector)
 .isr_vector    0x0000000008000000      0x188 ./Core/Startup/startup_stm32f407vgtx.o
                0x0000000008000000                g_pfnVectors
                0x0000000008000188                . = ALIGN (0x4)

.text           0x0000000008000188     0x27ec
                0x0000000008000188                . = ALIGN (0x4)
 *(.text)
 .text          0x0000000008000188       0x40 c:/st/stm32cubeide_1.11.0/stm32cubeide/plugins/com.st.stm32cube.ide.mcu.externaltools.gnu-tools-for-stm32.10.3-2021.10.win32_1.0.100.202210260954/tools/bin/../lib/gcc/arm-none-eabi/10.3.1/thumb/v7e-m+fp/hard/crtbegin.o
 .text          0x00000000080001c8       0x30 c:/st/stm32cubeide_1.11.0/stm32cubeide/plugins/com.st.stm32cube.ide.mcu.externaltools.gnu-tools-for-stm32.10.3-2021.10.win32_1.0.100.202210260954/tools/bin/../lib/gcc/arm-none-eabi/10.3.1/thumb/v7e-m+fp/hard\libgcc.a(_aeabi_uldivmod.o)
                0x00000000080001c8                __aeabi_uldivmod
 .text          0x00000000080001f8      0x2d0 c:/st/stm32cubeide_1.11.0/stm32cubeide/plugins/com.st.stm32cube.ide.mcu.externaltools.gnu-tools-for-stm32.10.3-2021.10.win32_1.0.100.202210260954/tools/bin/../lib/gcc/arm-none-eabi/10.3.1/thumb/v7e-m+fp/hard\libgcc.a(_udivmoddi4.o)
                0x00000000080001f8                __udivmoddi4
 .text          0x00000000080004c8        0x4 c:/st/stm32cubeide_1.11.0/stm32cubeide/plugins/com.st.stm32cube.ide.mcu.externaltools.gnu-tools-for-stm32.10.3-2021.10.win32_1.0.100.202210260954/tools/bin/../lib/gcc/arm-none-eabi/10.3.1/thumb/v7e-m+fp/hard\libgcc.a(_dvmd_tls.o)
                0x00000000080004c8                __aeabi_idiv0
                0x00000000080004c8                __aeabi_ldiv0
 *(.text*)
 .text.PCA21125RTC_Init
                0x00000000080004cc       0x8c ./Core/Src/PCA21125.o
                0x00000000080004cc                PCA21125RTC_Init
 .text.PCA21125RTC_WriteValue
                0x0000000008000558       0x7c ./Core/Src/PCA21125.o
                0x0000000008000558                PCA21125RTC_WriteValue
 .text.RTC_SetTime
                0x00000000080005d4      0x24c ./Core/Src/PCA21125.o
                0x00000000080005d4                RTC_SetTime
 .text.PCA21125RTC_GetTime
                0x0000000008000820       0xa8 ./Core/Src/PCA21125.o
                0x0000000008000820                PCA21125RTC_GetTime
 .text.bcd2bin  0x00000000080008c8       0x32 ./Core/Src/PCA21125.o
                0x00000000080008c8                bcd2bin
 .text.RTC2ValidTime
                0x00000000080008fa      0x166 ./Core/Src/PCA21125.o
                0x00000000080008fa                RTC2ValidTime
 .text.main     0x0000000008000a60       0x64 ./Core/Src/main.o
                0x0000000008000a60                main
 .text.SystemClock_Config
                0x0000000008000ac4       0xd0 ./Core/Src/main.o
                0x0000000008000ac4                SystemClock_Config
 .text.MX_SPI1_Init
                0x0000000008000b94       0x6c ./Core/Src/main.o
 .text.MX_GPIO_Init
                0x0000000008000c00       0xcc ./Core/Src/main.o
 .text.Buzzer_Trigger
                0x0000000008000ccc       0x4c ./Core/Src/main.o
                0x0000000008000ccc                Buzzer_Trigger
 .text.Error_Handler
                0x0000000008000d18        0xe ./Core/Src/main.o
                0x0000000008000d18                Error_Handler
 *fill*         0x0000000008000d26        0x2 
 .text.HAL_MspInit
                0x0000000008000d28       0x50 ./Core/Src/stm32f4xx_hal_msp.o
                0x0000000008000d28                HAL_MspInit
 .text.HAL_SPI_MspInit
                0x0000000008000d78       0x90 ./Core/Src/stm32f4xx_hal_msp.o
                0x0000000008000d78                HAL_SPI_MspInit
 .text.NMI_Handler
                0x0000000008000e08        0x6 ./Core/Src/stm32f4xx_it.o
                0x0000000008000e08                NMI_Handler
 .text.HardFault_Handler
                0x0000000008000e0e        0x6 ./Core/Src/stm32f4xx_it.o
                0x0000000008000e0e                HardFault_Handler
 .text.MemManage_Handler
                0x0000000008000e14        0x6 ./Core/Src/stm32f4xx_it.o
                0x0000000008000e14                MemManage_Handler
 .text.BusFault_Handler
                0x0000000008000e1a        0x6 ./Core/Src/stm32f4xx_it.o
                0x0000000008000e1a                BusFault_Handler
 .text.UsageFault_Handler
                0x0000000008000e20        0x6 ./Core/Src/stm32f4xx_it.o
                0x0000000008000e20                UsageFault_Handler
 .text.SVC_Handler
                0x0000000008000e26        0xe ./Core/Src/stm32f4xx_it.o
                0x0000000008000e26                SVC_Handler
 .text.DebugMon_Handler
                0x0000000008000e34        0xe ./Core/Src/stm32f4xx_it.o
                0x0000000008000e34                DebugMon_Handler
 .text.PendSV_Handler
                0x0000000008000e42        0xe ./Core/Src/stm32f4xx_it.o
                0x0000000008000e42                PendSV_Handler
 .text.SysTick_Handler
                0x0000000008000e50        0xc ./Core/Src/stm32f4xx_it.o
                0x0000000008000e50                SysTick_Handler
 .text.SystemInit
                0x0000000008000e5c       0x24 ./Core/Src/system_stm32f4xx.o
                0x0000000008000e5c                SystemInit
 .text.Reset_Handler
                0x0000000008000e80       0x50 ./Core/Startup/startup_stm32f407vgtx.o
                0x0000000008000e80                Reset_Handler
 .text.Default_Handler
                0x0000000008000ed0        0x2 ./Core/Startup/startup_stm32f407vgtx.o
                0x0000000008000ed0                RTC_Alarm_IRQHandler
                0x0000000008000ed0                HASH_RNG_IRQHandler
                0x0000000008000ed0                EXTI2_IRQHandler
                0x0000000008000ed0                TIM8_CC_IRQHandler
                0x0000000008000ed0                TIM1_CC_IRQHandler
                0x0000000008000ed0                DMA2_Stream5_IRQHandler
                0x0000000008000ed0                DMA1_Stream5_IRQHandler
                0x0000000008000ed0                PVD_IRQHandler
                0x0000000008000ed0                SDIO_IRQHandler
                0x0000000008000ed0                TAMP_STAMP_IRQHandler
                0x0000000008000ed0                CAN2_RX1_IRQHandler
                0x0000000008000ed0                EXTI3_IRQHandler
                0x0000000008000ed0                TIM8_TRG_COM_TIM14_IRQHandler
                0x0000000008000ed0                TIM1_UP_TIM10_IRQHandler
                0x0000000008000ed0                TIM8_UP_TIM13_IRQHandler
                0x0000000008000ed0                I2C3_ER_IRQHandler
                0x0000000008000ed0                EXTI0_IRQHandler
                0x0000000008000ed0                I2C2_EV_IRQHandler
                0x0000000008000ed0                DMA1_Stream2_IRQHandler
                0x0000000008000ed0                CAN1_RX0_IRQHandler
                0x0000000008000ed0                FPU_IRQHandler
                0x0000000008000ed0                OTG_HS_WKUP_IRQHandler
                0x0000000008000ed0                CAN2_SCE_IRQHandler
                0x0000000008000ed0                DMA2_Stream2_IRQHandler
                0x0000000008000ed0                SPI1_IRQHandler
                0x0000000008000ed0                TIM6_DAC_IRQHandler
                0x0000000008000ed0                TIM1_BRK_TIM9_IRQHandler
                0x0000000008000ed0                DCMI_IRQHandler
                0x0000000008000ed0                CAN2_RX0_IRQHandler
                0x0000000008000ed0                DMA2_Stream3_IRQHandler
                0x0000000008000ed0                USART6_IRQHandler
                0x0000000008000ed0                USART3_IRQHandler
                0x0000000008000ed0                CAN1_RX1_IRQHandler
                0x0000000008000ed0                UART5_IRQHandler
                0x0000000008000ed0                DMA2_Stream0_IRQHandler
                0x0000000008000ed0                TIM4_IRQHandler
                0x0000000008000ed0                I2C1_EV_IRQHandler
                0x0000000008000ed0                DMA1_Stream6_IRQHandler
                0x0000000008000ed0                DMA1_Stream1_IRQHandler
                0x0000000008000ed0                UART4_IRQHandler
                0x0000000008000ed0                TIM3_IRQHandler
                0x0000000008000ed0                RCC_IRQHandler
                0x0000000008000ed0                TIM8_BRK_TIM12_IRQHandler
                0x0000000008000ed0                Default_Handler
                0x0000000008000ed0                EXTI15_10_IRQHandler
                0x0000000008000ed0                ADC_IRQHandler
                0x0000000008000ed0                DMA1_Stream7_IRQHandler
                0x0000000008000ed0                TIM7_IRQHandler
                0x0000000008000ed0                CAN2_TX_IRQHandler
                0x0000000008000ed0                TIM5_IRQHandler
                0x0000000008000ed0                DMA2_Stream7_IRQHandler
                0x0000000008000ed0                I2C3_EV_IRQHandler
                0x0000000008000ed0                EXTI9_5_IRQHandler
                0x0000000008000ed0                RTC_WKUP_IRQHandler
                0x0000000008000ed0                ETH_WKUP_IRQHandler
                0x0000000008000ed0                SPI2_IRQHandler
                0x0000000008000ed0                OTG_HS_EP1_IN_IRQHandler
                0x0000000008000ed0                DMA1_Stream0_IRQHandler
                0x0000000008000ed0                CAN1_TX_IRQHandler
                0x0000000008000ed0                EXTI4_IRQHandler
                0x0000000008000ed0                FSMC_IRQHandler
                0x0000000008000ed0                ETH_IRQHandler
                0x0000000008000ed0                OTG_HS_EP1_OUT_IRQHandler
                0x0000000008000ed0                WWDG_IRQHandler
                0x0000000008000ed0                TIM2_IRQHandler
                0x0000000008000ed0                OTG_FS_WKUP_IRQHandler
                0x0000000008000ed0                TIM1_TRG_COM_TIM11_IRQHandler
                0x0000000008000ed0                OTG_HS_IRQHandler
                0x0000000008000ed0                EXTI1_IRQHandler
                0x0000000008000ed0                USART2_IRQHandler
                0x0000000008000ed0                I2C2_ER_IRQHandler
                0x0000000008000ed0                DMA2_Stream1_IRQHandler
                0x0000000008000ed0                CAN1_SCE_IRQHandler
                0x0000000008000ed0                FLASH_IRQHandler
                0x0000000008000ed0                DMA2_Stream4_IRQHandler
                0x0000000008000ed0                USART1_IRQHandler
                0x0000000008000ed0                OTG_FS_IRQHandler
                0x0000000008000ed0                SPI3_IRQHandler
                0x0000000008000ed0                DMA1_Stream4_IRQHandler
                0x0000000008000ed0                I2C1_ER_IRQHandler
                0x0000000008000ed0                DMA2_Stream6_IRQHandler
                0x0000000008000ed0                DMA1_Stream3_IRQHandler
 *fill*         0x0000000008000ed2        0x2 
 .text.HAL_Init
                0x0000000008000ed4       0x44 ./Drivers/STM32F4xx_HAL_Driver/Src/stm32f4xx_hal.o
                0x0000000008000ed4                HAL_Init
 .text.HAL_InitTick
                0x0000000008000f18       0x60 ./Drivers/STM32F4xx_HAL_Driver/Src/stm32f4xx_hal.o
                0x0000000008000f18                HAL_InitTick
 .text.HAL_IncTick
                0x0000000008000f78       0x28 ./Drivers/STM32F4xx_HAL_Driver/Src/stm32f4xx_hal.o
                0x0000000008000f78                HAL_IncTick
 .text.HAL_GetTick
                0x0000000008000fa0       0x18 ./Drivers/STM32F4xx_HAL_Driver/Src/stm32f4xx_hal.o
                0x0000000008000fa0                HAL_GetTick
 .text.HAL_Delay
                0x0000000008000fb8       0x48 ./Drivers/STM32F4xx_HAL_Driver/Src/stm32f4xx_hal.o
                0x0000000008000fb8                HAL_Delay
 .text.__NVIC_SetPriorityGrouping
                0x0000000008001000       0x48 ./Drivers/STM32F4xx_HAL_Driver/Src/stm32f4xx_hal_cortex.o
 .text.__NVIC_GetPriorityGrouping
                0x0000000008001048       0x1c ./Drivers/STM32F4xx_HAL_Driver/Src/stm32f4xx_hal_cortex.o
 .text.__NVIC_SetPriority
                0x0000000008001064       0x54 ./Drivers/STM32F4xx_HAL_Driver/Src/stm32f4xx_hal_cortex.o
 .text.NVIC_EncodePriority
                0x00000000080010b8       0x66 ./Drivers/STM32F4xx_HAL_Driver/Src/stm32f4xx_hal_cortex.o
 *fill*         0x000000000800111e        0x2 
 .text.SysTick_Config
                0x0000000008001120       0x44 ./Drivers/STM32F4xx_HAL_Driver/Src/stm32f4xx_hal_cortex.o
 .text.HAL_NVIC_SetPriorityGrouping
                0x0000000008001164       0x16 ./Drivers/STM32F4xx_HAL_Driver/Src/stm32f4xx_hal_cortex.o
                0x0000000008001164                HAL_NVIC_SetPriorityGrouping
 .text.HAL_NVIC_SetPriority
                0x000000000800117a       0x38 ./Drivers/STM32F4xx_HAL_Driver/Src/stm32f4xx_hal_cortex.o
                0x000000000800117a                HAL_NVIC_SetPriority
 .text.HAL_SYSTICK_Config
                0x00000000080011b2       0x18 ./Drivers/STM32F4xx_HAL_Driver/Src/stm32f4xx_hal_cortex.o
                0x00000000080011b2                HAL_SYSTICK_Config
 *fill*         0x00000000080011ca        0x2 
 .text.HAL_GPIO_Init
                0x00000000080011cc      0x338 ./Drivers/STM32F4xx_HAL_Driver/Src/stm32f4xx_hal_gpio.o
                0x00000000080011cc                HAL_GPIO_Init
 .text.HAL_GPIO_WritePin
                0x0000000008001504       0x32 ./Drivers/STM32F4xx_HAL_Driver/Src/stm32f4xx_hal_gpio.o
                0x0000000008001504                HAL_GPIO_WritePin
 .text.HAL_GPIO_TogglePin
                0x0000000008001536       0x34 ./Drivers/STM32F4xx_HAL_Driver/Src/stm32f4xx_hal_gpio.o
                0x0000000008001536                HAL_GPIO_TogglePin
 *fill*         0x000000000800156a        0x2 
 .text.HAL_RCC_OscConfig
                0x000000000800156c      0x4f0 ./Drivers/STM32F4xx_HAL_Driver/Src/stm32f4xx_hal_rcc.o
                0x000000000800156c                HAL_RCC_OscConfig
 .text.HAL_RCC_ClockConfig
                0x0000000008001a5c      0x1cc ./Drivers/STM32F4xx_HAL_Driver/Src/stm32f4xx_hal_rcc.o
                0x0000000008001a5c                HAL_RCC_ClockConfig
 .text.HAL_RCC_GetSysClockFreq
                0x0000000008001c28      0x18c ./Drivers/STM32F4xx_HAL_Driver/Src/stm32f4xx_hal_rcc.o
                0x0000000008001c28                HAL_RCC_GetSysClockFreq
 .text.HAL_SPI_Init
                0x0000000008001db4      0x112 ./Drivers/STM32F4xx_HAL_Driver/Src/stm32f4xx_hal_spi.o
                0x0000000008001db4                HAL_SPI_Init
 .text.HAL_SPI_Transmit
                0x0000000008001ec6      0x278 ./Drivers/STM32F4xx_HAL_Driver/Src/stm32f4xx_hal_spi.o
                0x0000000008001ec6                HAL_SPI_Transmit
 .text.HAL_SPI_Receive
                0x000000000800213e      0x222 ./Drivers/STM32F4xx_HAL_Driver/Src/stm32f4xx_hal_spi.o
                0x000000000800213e                HAL_SPI_Receive
 .text.HAL_SPI_TransmitReceive
                0x0000000008002360      0x344 ./Drivers/STM32F4xx_HAL_Driver/Src/stm32f4xx_hal_spi.o
                0x0000000008002360                HAL_SPI_TransmitReceive
 .text.SPI_WaitFlagStateUntilTimeout
                0x00000000080026a4      0x110 ./Drivers/STM32F4xx_HAL_Driver/Src/stm32f4xx_hal_spi.o
 .text.SPI_EndRxTransaction
                0x00000000080027b4       0xca ./Drivers/STM32F4xx_HAL_Driver/Src/stm32f4xx_hal_spi.o
 *fill*         0x000000000800287e        0x2 
 .text.SPI_EndRxTxTransaction
                0x0000000008002880       0x84 ./Drivers/STM32F4xx_HAL_Driver/Src/stm32f4xx_hal_spi.o
 .text.__libc_init_array
                0x0000000008002904       0x48 c:/st/stm32cubeide_1.11.0/stm32cubeide/plugins/com.st.stm32cube.ide.mcu.externaltools.gnu-tools-for-stm32.10.3-2021.10.win32_1.0.100.202210260954/tools/bin/../lib/gcc/arm-none-eabi/10.3.1/../../../../arm-none-eabi/lib/thumb/v7e-m+fp/hard\libc_nano.a(lib_a-init.o)
                0x0000000008002904                __libc_init_array
 .text.memset   0x000000000800294c       0x10 c:/st/stm32cubeide_1.11.0/stm32cubeide/plugins/com.st.stm32cube.ide.mcu.externaltools.gnu-tools-for-stm32.10.3-2021.10.win32_1.0.100.202210260954/tools/bin/../lib/gcc/arm-none-eabi/10.3.1/../../../../arm-none-eabi/lib/thumb/v7e-m+fp/hard\libc_nano.a(lib_a-memset.o)
                0x000000000800294c                memset
 *(.glue_7)
 .glue_7        0x000000000800295c        0x0 linker stubs
 *(.glue_7t)
 .glue_7t       0x000000000800295c        0x0 linker stubs
 *(.eh_frame)
 .eh_frame      0x000000000800295c        0x0 c:/st/stm32cubeide_1.11.0/stm32cubeide/plugins/com.st.stm32cube.ide.mcu.externaltools.gnu-tools-for-stm32.10.3-2021.10.win32_1.0.100.202210260954/tools/bin/../lib/gcc/arm-none-eabi/10.3.1/thumb/v7e-m+fp/hard/crtbegin.o
 *(.init)
 .init          0x000000000800295c        0x4 c:/st/stm32cubeide_1.11.0/stm32cubeide/plugins/com.st.stm32cube.ide.mcu.externaltools.gnu-tools-for-stm32.10.3-2021.10.win32_1.0.100.202210260954/tools/bin/../lib/gcc/arm-none-eabi/10.3.1/thumb/v7e-m+fp/hard/crti.o
                0x000000000800295c                _init
 .init          0x0000000008002960        0x8 c:/st/stm32cubeide_1.11.0/stm32cubeide/plugins/com.st.stm32cube.ide.mcu.externaltools.gnu-tools-for-stm32.10.3-2021.10.win32_1.0.100.202210260954/tools/bin/../lib/gcc/arm-none-eabi/10.3.1/thumb/v7e-m+fp/hard/crtn.o
 *(.fini)
 .fini          0x0000000008002968        0x4 c:/st/stm32cubeide_1.11.0/stm32cubeide/plugins/com.st.stm32cube.ide.mcu.externaltools.gnu-tools-for-stm32.10.3-2021.10.win32_1.0.100.202210260954/tools/bin/../lib/gcc/arm-none-eabi/10.3.1/thumb/v7e-m+fp/hard/crti.o
                0x0000000008002968                _fini
 .fini          0x000000000800296c        0x8 c:/st/stm32cubeide_1.11.0/stm32cubeide/plugins/com.st.stm32cube.ide.mcu.externaltools.gnu-tools-for-stm32.10.3-2021.10.win32_1.0.100.202210260954/tools/bin/../lib/gcc/arm-none-eabi/10.3.1/thumb/v7e-m+fp/hard/crtn.o
                0x0000000008002974                . = ALIGN (0x4)
                0x0000000008002974                _etext = .

.vfp11_veneer   0x0000000008002974        0x0
 .vfp11_veneer  0x0000000008002974        0x0 linker stubs

.v4_bx          0x0000000008002974        0x0
 .v4_bx         0x0000000008002974        0x0 linker stubs

.iplt           0x0000000008002974        0x0
 .iplt          0x0000000008002974        0x0 c:/st/stm32cubeide_1.11.0/stm32cubeide/plugins/com.st.stm32cube.ide.mcu.externaltools.gnu-tools-for-stm32.10.3-2021.10.win32_1.0.100.202210260954/tools/bin/../lib/gcc/arm-none-eabi/10.3.1/thumb/v7e-m+fp/hard/crtbegin.o

.rodata         0x0000000008002974       0x14
                0x0000000008002974                . = ALIGN (0x4)
 *(.rodata)
 .rodata        0x0000000008002974        0x3 ./Core/Src/PCA21125.o
 *(.rodata*)
 *fill*         0x0000000008002977        0x1 
 .rodata.AHBPrescTable
                0x0000000008002978       0x10 ./Core/Src/system_stm32f4xx.o
                0x0000000008002978                AHBPrescTable
                0x0000000008002988                . = ALIGN (0x4)

.ARM.extab      0x0000000008002988        0x0
                0x0000000008002988                . = ALIGN (0x4)
 *(.ARM.extab* .gnu.linkonce.armextab.*)
                0x0000000008002988                . = ALIGN (0x4)

.ARM            0x0000000008002988        0x8
                0x0000000008002988                . = ALIGN (0x4)
                0x0000000008002988                __exidx_start = .
 *(.ARM.exidx*)
 .ARM.exidx     0x0000000008002988        0x8 c:/st/stm32cubeide_1.11.0/stm32cubeide/plugins/com.st.stm32cube.ide.mcu.externaltools.gnu-tools-for-stm32.10.3-2021.10.win32_1.0.100.202210260954/tools/bin/../lib/gcc/arm-none-eabi/10.3.1/thumb/v7e-m+fp/hard\libgcc.a(_udivmoddi4.o)
                0x0000000008002990                __exidx_end = .
                0x0000000008002990                . = ALIGN (0x4)

.rel.dyn        0x0000000008002990        0x0
 .rel.iplt      0x0000000008002990        0x0 c:/st/stm32cubeide_1.11.0/stm32cubeide/plugins/com.st.stm32cube.ide.mcu.externaltools.gnu-tools-for-stm32.10.3-2021.10.win32_1.0.100.202210260954/tools/bin/../lib/gcc/arm-none-eabi/10.3.1/thumb/v7e-m+fp/hard/crtbegin.o

.preinit_array  0x0000000008002990        0x0
                0x0000000008002990                . = ALIGN (0x4)
                0x0000000008002990                PROVIDE (__preinit_array_start = .)
 *(.preinit_array*)
                0x0000000008002990                PROVIDE (__preinit_array_end = .)
                0x0000000008002990                . = ALIGN (0x4)

.init_array     0x0000000008002990        0x4
                0x0000000008002990                . = ALIGN (0x4)
                0x0000000008002990                PROVIDE (__init_array_start = .)
 *(SORT_BY_NAME(.init_array.*))
 *(.init_array*)
 .init_array    0x0000000008002990        0x4 c:/st/stm32cubeide_1.11.0/stm32cubeide/plugins/com.st.stm32cube.ide.mcu.externaltools.gnu-tools-for-stm32.10.3-2021.10.win32_1.0.100.202210260954/tools/bin/../lib/gcc/arm-none-eabi/10.3.1/thumb/v7e-m+fp/hard/crtbegin.o
                0x0000000008002994                PROVIDE (__init_array_end = .)
                0x0000000008002994                . = ALIGN (0x4)

.fini_array     0x0000000008002994        0x4
                0x0000000008002994                . = ALIGN (0x4)
                [!provide]                        PROVIDE (__fini_array_start = .)
 *(SORT_BY_NAME(.fini_array.*))
 *(.fini_array*)
 .fini_array    0x0000000008002994        0x4 c:/st/stm32cubeide_1.11.0/stm32cubeide/plugins/com.st.stm32cube.ide.mcu.externaltools.gnu-tools-for-stm32.10.3-2021.10.win32_1.0.100.202210260954/tools/bin/../lib/gcc/arm-none-eabi/10.3.1/thumb/v7e-m+fp/hard/crtbegin.o
                [!provide]                        PROVIDE (__fini_array_end = .)
                0x0000000008002998                . = ALIGN (0x4)
                0x0000000008002998                _sidata = LOADADDR (.data)

.data           0x0000000020000000        0xc load address 0x0000000008002998
                0x0000000020000000                . = ALIGN (0x4)
                0x0000000020000000                _sdata = .
 *(.data)
 *(.data*)
 .data.SystemCoreClock
                0x0000000020000000        0x4 ./Core/Src/system_stm32f4xx.o
                0x0000000020000000                SystemCoreClock
 .data.uwTickPrio
                0x0000000020000004        0x4 ./Drivers/STM32F4xx_HAL_Driver/Src/stm32f4xx_hal.o
                0x0000000020000004                uwTickPrio
 .data.uwTickFreq
                0x0000000020000008        0x1 ./Drivers/STM32F4xx_HAL_Driver/Src/stm32f4xx_hal.o
                0x0000000020000008                uwTickFreq
 *(.RamFunc)
 *(.RamFunc*)
                0x000000002000000c                . = ALIGN (0x4)
 *fill*         0x0000000020000009        0x3 
                0x000000002000000c                _edata = .
                0x00000000080029a4                _siccmram = LOADADDR (.ccmram)

.igot.plt       0x000000002000000c        0x0 load address 0x00000000080029a4
 .igot.plt      0x000000002000000c        0x0 c:/st/stm32cubeide_1.11.0/stm32cubeide/plugins/com.st.stm32cube.ide.mcu.externaltools.gnu-tools-for-stm32.10.3-2021.10.win32_1.0.100.202210260954/tools/bin/../lib/gcc/arm-none-eabi/10.3.1/thumb/v7e-m+fp/hard/crtbegin.o

.ccmram         0x0000000010000000        0x0 load address 0x00000000080029a4
                0x0000000010000000                . = ALIGN (0x4)
                0x0000000010000000                _sccmram = .
 *(.ccmram)
 *(.ccmram*)
                0x0000000010000000                . = ALIGN (0x4)
                0x0000000010000000                _eccmram = .
                0x0000000010000000                . = ALIGN (0x4)

.bss            0x000000002000000c       0x8c
                0x000000002000000c                _sbss = .
                0x000000002000000c                __bss_start__ = _sbss
 *(.bss)
 .bss           0x000000002000000c       0x1c c:/st/stm32cubeide_1.11.0/stm32cubeide/plugins/com.st.stm32cube.ide.mcu.externaltools.gnu-tools-for-stm32.10.3-2021.10.win32_1.0.100.202210260954/tools/bin/../lib/gcc/arm-none-eabi/10.3.1/thumb/v7e-m+fp/hard/crtbegin.o
 *(.bss*)
 .bss.PCA21125_SPI
                0x0000000020000028        0x4 ./Core/Src/PCA21125.o
                0x0000000020000028                PCA21125_SPI
 .bss.hspi1     0x000000002000002c       0x58 ./Core/Src/main.o
                0x000000002000002c                hspi1
 .bss._RTC_R_DATA
                0x0000000020000084        0x7 ./Core/Src/main.o
                0x0000000020000084                _RTC_R_DATA
 *fill*         0x000000002000008b        0x1 
 .bss._RTC_W_DATA
                0x000000002000008c        0x7 ./Core/Src/main.o
                0x000000002000008c                _RTC_W_DATA
 *fill*         0x0000000020000093        0x1 
 .bss.uwTick    0x0000000020000094        0x4 ./Drivers/STM32F4xx_HAL_Driver/Src/stm32f4xx_hal.o
                0x0000000020000094                uwTick
 *(COMMON)
                0x0000000020000098                . = ALIGN (0x4)
                0x0000000020000098                _ebss = .
                0x0000000020000098                __bss_end__ = _ebss

._user_heap_stack
                0x0000000020000098      0x600
                0x0000000020000098                . = ALIGN (0x8)
                [!provide]                        PROVIDE (end = .)
                0x0000000020000098                PROVIDE (_end = .)
                0x0000000020000298                . = (. + _Min_Heap_Size)
 *fill*         0x0000000020000098      0x200 
                0x0000000020000698                . = (. + _Min_Stack_Size)
 *fill*         0x0000000020000298      0x400 
                0x0000000020000698                . = ALIGN (0x8)

/DISCARD/
 libc.a(*)
 libm.a(*)
 libgcc.a(*)

.ARM.attributes
                0x0000000000000000       0x30
 *(.ARM.attributes)
 .ARM.attributes
                0x0000000000000000       0x1e c:/st/stm32cubeide_1.11.0/stm32cubeide/plugins/com.st.stm32cube.ide.mcu.externaltools.gnu-tools-for-stm32.10.3-2021.10.win32_1.0.100.202210260954/tools/bin/../lib/gcc/arm-none-eabi/10.3.1/thumb/v7e-m+fp/hard/crti.o
 .ARM.attributes
                0x000000000000001e       0x34 c:/st/stm32cubeide_1.11.0/stm32cubeide/plugins/com.st.stm32cube.ide.mcu.externaltools.gnu-tools-for-stm32.10.3-2021.10.win32_1.0.100.202210260954/tools/bin/../lib/gcc/arm-none-eabi/10.3.1/thumb/v7e-m+fp/hard/crtbegin.o
 .ARM.attributes
                0x0000000000000052       0x34 ./Core/Src/PCA21125.o
 .ARM.attributes
                0x0000000000000086       0x34 ./Core/Src/main.o
 .ARM.attributes
                0x00000000000000ba       0x34 ./Core/Src/stm32f4xx_hal_msp.o
 .ARM.attributes
                0x00000000000000ee       0x34 ./Core/Src/stm32f4xx_it.o
 .ARM.attributes
                0x0000000000000122       0x34 ./Core/Src/system_stm32f4xx.o
 .ARM.attributes
                0x0000000000000156       0x21 ./Core/Startup/startup_stm32f407vgtx.o
 .ARM.attributes
                0x0000000000000177       0x34 ./Drivers/STM32F4xx_HAL_Driver/Src/stm32f4xx_hal.o
 .ARM.attributes
                0x00000000000001ab       0x34 ./Drivers/STM32F4xx_HAL_Driver/Src/stm32f4xx_hal_cortex.o
 .ARM.attributes
                0x00000000000001df       0x34 ./Drivers/STM32F4xx_HAL_Driver/Src/stm32f4xx_hal_gpio.o
 .ARM.attributes
                0x0000000000000213       0x34 ./Drivers/STM32F4xx_HAL_Driver/Src/stm32f4xx_hal_rcc.o
 .ARM.attributes
                0x0000000000000247       0x34 ./Drivers/STM32F4xx_HAL_Driver/Src/stm32f4xx_hal_spi.o
 .ARM.attributes
                0x000000000000027b       0x34 c:/st/stm32cubeide_1.11.0/stm32cubeide/plugins/com.st.stm32cube.ide.mcu.externaltools.gnu-tools-for-stm32.10.3-2021.10.win32_1.0.100.202210260954/tools/bin/../lib/gcc/arm-none-eabi/10.3.1/../../../../arm-none-eabi/lib/thumb/v7e-m+fp/hard\libc_nano.a(lib_a-init.o)
 .ARM.attributes
                0x00000000000002af       0x34 c:/st/stm32cubeide_1.11.0/stm32cubeide/plugins/com.st.stm32cube.ide.mcu.externaltools.gnu-tools-for-stm32.10.3-2021.10.win32_1.0.100.202210260954/tools/bin/../lib/gcc/arm-none-eabi/10.3.1/../../../../arm-none-eabi/lib/thumb/v7e-m+fp/hard\libc_nano.a(lib_a-memset.o)
 .ARM.attributes
                0x00000000000002e3       0x1e c:/st/stm32cubeide_1.11.0/stm32cubeide/plugins/com.st.stm32cube.ide.mcu.externaltools.gnu-tools-for-stm32.10.3-2021.10.win32_1.0.100.202210260954/tools/bin/../lib/gcc/arm-none-eabi/10.3.1/thumb/v7e-m+fp/hard\libgcc.a(_aeabi_uldivmod.o)
 .ARM.attributes
                0x0000000000000301       0x34 c:/st/stm32cubeide_1.11.0/stm32cubeide/plugins/com.st.stm32cube.ide.mcu.externaltools.gnu-tools-for-stm32.10.3-2021.10.win32_1.0.100.202210260954/tools/bin/../lib/gcc/arm-none-eabi/10.3.1/thumb/v7e-m+fp/hard\libgcc.a(_udivmoddi4.o)
 .ARM.attributes
                0x0000000000000335       0x1e c:/st/stm32cubeide_1.11.0/stm32cubeide/plugins/com.st.stm32cube.ide.mcu.externaltools.gnu-tools-for-stm32.10.3-2021.10.win32_1.0.100.202210260954/tools/bin/../lib/gcc/arm-none-eabi/10.3.1/thumb/v7e-m+fp/hard\libgcc.a(_dvmd_tls.o)
 .ARM.attributes
                0x0000000000000353       0x1e c:/st/stm32cubeide_1.11.0/stm32cubeide/plugins/com.st.stm32cube.ide.mcu.externaltools.gnu-tools-for-stm32.10.3-2021.10.win32_1.0.100.202210260954/tools/bin/../lib/gcc/arm-none-eabi/10.3.1/thumb/v7e-m+fp/hard/crtn.o
OUTPUT(STM32F407VG_PCA21125_RTC_Tester.elf elf32-littlearm)
LOAD linker stubs
LOAD c:/st/stm32cubeide_1.11.0/stm32cubeide/plugins/com.st.stm32cube.ide.mcu.externaltools.gnu-tools-for-stm32.10.3-2021.10.win32_1.0.100.202210260954/tools/bin/../lib/gcc/arm-none-eabi/10.3.1/../../../../arm-none-eabi/lib/thumb/v7e-m+fp/hard\libc.a
LOAD c:/st/stm32cubeide_1.11.0/stm32cubeide/plugins/com.st.stm32cube.ide.mcu.externaltools.gnu-tools-for-stm32.10.3-2021.10.win32_1.0.100.202210260954/tools/bin/../lib/gcc/arm-none-eabi/10.3.1/../../../../arm-none-eabi/lib/thumb/v7e-m+fp/hard\libm.a
LOAD c:/st/stm32cubeide_1.11.0/stm32cubeide/plugins/com.st.stm32cube.ide.mcu.externaltools.gnu-tools-for-stm32.10.3-2021.10.win32_1.0.100.202210260954/tools/bin/../lib/gcc/arm-none-eabi/10.3.1/thumb/v7e-m+fp/hard\libgcc.a

.debug_info     0x0000000000000000     0x66f0
 .debug_info    0x0000000000000000      0x98e ./Core/Src/PCA21125.o
 .debug_info    0x000000000000098e      0xd87 ./Core/Src/main.o
 .debug_info    0x0000000000001715      0x9b6 ./Core/Src/stm32f4xx_hal_msp.o
 .debug_info    0x00000000000020cb      0x121 ./Core/Src/stm32f4xx_it.o
 .debug_info    0x00000000000021ec      0x523 ./Core/Src/system_stm32f4xx.o
 .debug_info    0x000000000000270f       0x22 ./Core/Startup/startup_stm32f407vgtx.o
 .debug_info    0x0000000000002731      0x97c ./Drivers/STM32F4xx_HAL_Driver/Src/stm32f4xx_hal.o
 .debug_info    0x00000000000030ad      0xe1b ./Drivers/STM32F4xx_HAL_Driver/Src/stm32f4xx_hal_cortex.o
 .debug_info    0x0000000000003ec8      0x76a ./Drivers/STM32F4xx_HAL_Driver/Src/stm32f4xx_hal_gpio.o
 .debug_info    0x0000000000004632      0x966 ./Drivers/STM32F4xx_HAL_Driver/Src/stm32f4xx_hal_rcc.o
 .debug_info    0x0000000000004f98     0x1758 ./Drivers/STM32F4xx_HAL_Driver/Src/stm32f4xx_hal_spi.o

.debug_abbrev   0x0000000000000000     0x1368
 .debug_abbrev  0x0000000000000000      0x1e2 ./Core/Src/PCA21125.o
 .debug_abbrev  0x00000000000001e2      0x257 ./Core/Src/main.o
 .debug_abbrev  0x0000000000000439      0x194 ./Core/Src/stm32f4xx_hal_msp.o
 .debug_abbrev  0x00000000000005cd       0x74 ./Core/Src/stm32f4xx_it.o
 .debug_abbrev  0x0000000000000641      0x116 ./Core/Src/system_stm32f4xx.o
 .debug_abbrev  0x0000000000000757       0x12 ./Core/Startup/startup_stm32f407vgtx.o
 .debug_abbrev  0x0000000000000769      0x20d ./Drivers/STM32F4xx_HAL_Driver/Src/stm32f4xx_hal.o
 .debug_abbrev  0x0000000000000976      0x316 ./Drivers/STM32F4xx_HAL_Driver/Src/stm32f4xx_hal_cortex.o
 .debug_abbrev  0x0000000000000c8c      0x1c4 ./Drivers/STM32F4xx_HAL_Driver/Src/stm32f4xx_hal_gpio.o
 .debug_abbrev  0x0000000000000e50      0x2aa ./Drivers/STM32F4xx_HAL_Driver/Src/stm32f4xx_hal_rcc.o
 .debug_abbrev  0x00000000000010fa      0x26e ./Drivers/STM32F4xx_HAL_Driver/Src/stm32f4xx_hal_spi.o

.debug_aranges  0x0000000000000000      0x628
 .debug_aranges
                0x0000000000000000       0x48 ./Core/Src/PCA21125.o
 .debug_aranges
                0x0000000000000048       0x48 ./Core/Src/main.o
 .debug_aranges
                0x0000000000000090       0x30 ./Core/Src/stm32f4xx_hal_msp.o
 .debug_aranges
                0x00000000000000c0       0x60 ./Core/Src/stm32f4xx_it.o
 .debug_aranges
                0x0000000000000120       0x28 ./Core/Src/system_stm32f4xx.o
 .debug_aranges
                0x0000000000000148       0x28 ./Core/Startup/startup_stm32f407vgtx.o
 .debug_aranges
                0x0000000000000170       0xf0 ./Drivers/STM32F4xx_HAL_Driver/Src/stm32f4xx_hal.o
 .debug_aranges
                0x0000000000000260      0x118 ./Drivers/STM32F4xx_HAL_Driver/Src/stm32f4xx_hal_cortex.o
 .debug_aranges
                0x0000000000000378       0x58 ./Drivers/STM32F4xx_HAL_Driver/Src/stm32f4xx_hal_gpio.o
 .debug_aranges
                0x00000000000003d0       0x88 ./Drivers/STM32F4xx_HAL_Driver/Src/stm32f4xx_hal_rcc.o
 .debug_aranges
                0x0000000000000458      0x1d0 ./Drivers/STM32F4xx_HAL_Driver/Src/stm32f4xx_hal_spi.o

.debug_ranges   0x0000000000000000      0x580
 .debug_ranges  0x0000000000000000       0x38 ./Core/Src/PCA21125.o
 .debug_ranges  0x0000000000000038       0x38 ./Core/Src/main.o
 .debug_ranges  0x0000000000000070       0x20 ./Core/Src/stm32f4xx_hal_msp.o
 .debug_ranges  0x0000000000000090       0x50 ./Core/Src/stm32f4xx_it.o
 .debug_ranges  0x00000000000000e0       0x18 ./Core/Src/system_stm32f4xx.o
 .debug_ranges  0x00000000000000f8       0x20 ./Core/Startup/startup_stm32f407vgtx.o
 .debug_ranges  0x0000000000000118       0xe0 ./Drivers/STM32F4xx_HAL_Driver/Src/stm32f4xx_hal.o
 .debug_ranges  0x00000000000001f8      0x108 ./Drivers/STM32F4xx_HAL_Driver/Src/stm32f4xx_hal_cortex.o
 .debug_ranges  0x0000000000000300       0x48 ./Drivers/STM32F4xx_HAL_Driver/Src/stm32f4xx_hal_gpio.o
 .debug_ranges  0x0000000000000348       0x78 ./Drivers/STM32F4xx_HAL_Driver/Src/stm32f4xx_hal_rcc.o
 .debug_ranges  0x00000000000003c0      0x1c0 ./Drivers/STM32F4xx_HAL_Driver/Src/stm32f4xx_hal_spi.o

.debug_macro    0x0000000000000000    0x1f45e
 .debug_macro   0x0000000000000000      0x1f6 ./Core/Src/PCA21125.o
 .debug_macro   0x00000000000001f6      0xa78 ./Core/Src/PCA21125.o
 .debug_macro   0x0000000000000c6e      0x295 ./Core/Src/PCA21125.o
 .debug_macro   0x0000000000000f03       0x2e ./Core/Src/PCA21125.o
 .debug_macro   0x0000000000000f31       0x2f ./Core/Src/PCA21125.o
 .debug_macro   0x0000000000000f60       0x22 ./Core/Src/PCA21125.o
 .debug_macro   0x0000000000000f82       0x8e ./Core/Src/PCA21125.o
 .debug_macro   0x0000000000001010       0x51 ./Core/Src/PCA21125.o
 .debug_macro   0x0000000000001061      0x103 ./Core/Src/PCA21125.o
 .debug_macro   0x0000000000001164       0x6a ./Core/Src/PCA21125.o
 .debug_macro   0x00000000000011ce      0x1df ./Core/Src/PCA21125.o
 .debug_macro   0x00000000000013ad       0x1c ./Core/Src/PCA21125.o
 .debug_macro   0x00000000000013c9       0x22 ./Core/Src/PCA21125.o
 .debug_macro   0x00000000000013eb       0xd9 ./Core/Src/PCA21125.o
 .debug_macro   0x00000000000014c4     0x102d ./Core/Src/PCA21125.o
 .debug_macro   0x00000000000024f1      0x11f ./Core/Src/PCA21125.o
 .debug_macro   0x0000000000002610    0x15e82 ./Core/Src/PCA21125.o
 .debug_macro   0x0000000000018492       0x6d ./Core/Src/PCA21125.o
 .debug_macro   0x00000000000184ff     0x367e ./Core/Src/PCA21125.o
 .debug_macro   0x000000000001bb7d      0x174 ./Core/Src/PCA21125.o
 .debug_macro   0x000000000001bcf1       0x5c ./Core/Src/PCA21125.o
 .debug_macro   0x000000000001bd4d      0x96b ./Core/Src/PCA21125.o
 .debug_macro   0x000000000001c6b8      0x9fe ./Core/Src/PCA21125.o
 .debug_macro   0x000000000001d0b6      0x115 ./Core/Src/PCA21125.o
 .debug_macro   0x000000000001d1cb      0x13e ./Core/Src/PCA21125.o
 .debug_macro   0x000000000001d309       0xa5 ./Core/Src/PCA21125.o
 .debug_macro   0x000000000001d3ae      0x174 ./Core/Src/PCA21125.o
 .debug_macro   0x000000000001d522      0x287 ./Core/Src/PCA21125.o
 .debug_macro   0x000000000001d7a9       0x5f ./Core/Src/PCA21125.o
 .debug_macro   0x000000000001d808      0x236 ./Core/Src/PCA21125.o
 .debug_macro   0x000000000001da3e      0x12c ./Core/Src/PCA21125.o
 .debug_macro   0x000000000001db6a      0x21e ./Core/Src/PCA21125.o
 .debug_macro   0x000000000001dd88       0x2e ./Core/Src/PCA21125.o
 .debug_macro   0x000000000001ddb6      0x11a ./Core/Src/PCA21125.o
 .debug_macro   0x000000000001ded0       0x7e ./Core/Src/PCA21125.o
 .debug_macro   0x000000000001df4e       0x89 ./Core/Src/PCA21125.o
 .debug_macro   0x000000000001dfd7      0x225 ./Core/Src/PCA21125.o
 .debug_macro   0x000000000001e1fc      0x12d ./Core/Src/PCA21125.o
 .debug_macro   0x000000000001e329       0x1c ./Core/Src/PCA21125.o
 .debug_macro   0x000000000001e345       0xac ./Core/Src/PCA21125.o
 .debug_macro   0x000000000001e3f1      0x1dc ./Core/Src/main.o
 .debug_macro   0x000000000001e5cd      0x1c9 ./Core/Src/stm32f4xx_hal_msp.o
 .debug_macro   0x000000000001e796      0x1d3 ./Core/Src/stm32f4xx_it.o
 .debug_macro   0x000000000001e969      0x1ba ./Core/Src/system_stm32f4xx.o
 .debug_macro   0x000000000001eb23      0x21a ./Drivers/STM32F4xx_HAL_Driver/Src/stm32f4xx_hal.o
 .debug_macro   0x000000000001ed3d      0x1ba ./Drivers/STM32F4xx_HAL_Driver/Src/stm32f4xx_hal_cortex.o
 .debug_macro   0x000000000001eef7      0x1c0 ./Drivers/STM32F4xx_HAL_Driver/Src/stm32f4xx_hal_gpio.o
 .debug_macro   0x000000000001f0b7      0x1de ./Drivers/STM32F4xx_HAL_Driver/Src/stm32f4xx_hal_rcc.o
 .debug_macro   0x000000000001f295      0x1c9 ./Drivers/STM32F4xx_HAL_Driver/Src/stm32f4xx_hal_spi.o

.debug_line     0x0000000000000000     0x71f3
 .debug_line    0x0000000000000000      0xad2 ./Core/Src/PCA21125.o
 .debug_line    0x0000000000000ad2      0x7d0 ./Core/Src/main.o
 .debug_line    0x00000000000012a2      0x6de ./Core/Src/stm32f4xx_hal_msp.o
 .debug_line    0x0000000000001980      0x754 ./Core/Src/stm32f4xx_it.o
 .debug_line    0x00000000000020d4      0x713 ./Core/Src/system_stm32f4xx.o
 .debug_line    0x00000000000027e7       0x88 ./Core/Startup/startup_stm32f407vgtx.o
 .debug_line    0x000000000000286f      0x979 ./Drivers/STM32F4xx_HAL_Driver/Src/stm32f4xx_hal.o
 .debug_line    0x00000000000031e8      0xc28 ./Drivers/STM32F4xx_HAL_Driver/Src/stm32f4xx_hal_cortex.o
 .debug_line    0x0000000000003e10      0xaed ./Drivers/STM32F4xx_HAL_Driver/Src/stm32f4xx_hal_gpio.o
 .debug_line    0x00000000000048fd      0xcf3 ./Drivers/STM32F4xx_HAL_Driver/Src/stm32f4xx_hal_rcc.o
 .debug_line    0x00000000000055f0     0x1c03 ./Drivers/STM32F4xx_HAL_Driver/Src/stm32f4xx_hal_spi.o

.debug_str      0x0000000000000000    0xbe2f4
 .debug_str     0x0000000000000000    0xbc68d ./Core/Src/PCA21125.o
                                      0xbc95a (size before relaxing)
 .debug_str     0x00000000000bc68d      0x326 ./Core/Src/main.o
                                      0xbca98 (size before relaxing)
 .debug_str     0x00000000000bc9b3       0x5e ./Core/Src/stm32f4xx_hal_msp.o
                                      0xbc46b (size before relaxing)
 .debug_str     0x00000000000bca11       0xc9 ./Core/Src/stm32f4xx_it.o
                                      0xbbef6 (size before relaxing)
 .debug_str     0x00000000000bcada       0xdb ./Core/Src/system_stm32f4xx.o
                                      0xbbfb4 (size before relaxing)
 .debug_str     0x00000000000bcbb5       0x36 ./Core/Startup/startup_stm32f407vgtx.o
                                         0x86 (size before relaxing)
 .debug_str     0x00000000000bcbeb      0xaf3 ./Drivers/STM32F4xx_HAL_Driver/Src/stm32f4xx_hal.o
                                      0xbcb38 (size before relaxing)
 .debug_str     0x00000000000bd6de      0x354 ./Drivers/STM32F4xx_HAL_Driver/Src/stm32f4xx_hal_cortex.o
                                      0xbc86b (size before relaxing)
 .debug_str     0x00000000000bda32      0x10e ./Drivers/STM32F4xx_HAL_Driver/Src/stm32f4xx_hal_gpio.o
                                      0xbc12f (size before relaxing)
 .debug_str     0x00000000000bdb40      0x233 ./Drivers/STM32F4xx_HAL_Driver/Src/stm32f4xx_hal_rcc.o
                                      0xbc3e8 (size before relaxing)
 .debug_str     0x00000000000bdd73      0x581 ./Drivers/STM32F4xx_HAL_Driver/Src/stm32f4xx_hal_spi.o
                                      0xbc878 (size before relaxing)

.comment        0x0000000000000000       0x50
 .comment       0x0000000000000000       0x50 ./Core/Src/PCA21125.o
                                         0x51 (size before relaxing)
 .comment       0x0000000000000050       0x51 ./Core/Src/main.o
 .comment       0x0000000000000050       0x51 ./Core/Src/stm32f4xx_hal_msp.o
 .comment       0x0000000000000050       0x51 ./Core/Src/stm32f4xx_it.o
 .comment       0x0000000000000050       0x51 ./Core/Src/system_stm32f4xx.o
 .comment       0x0000000000000050       0x51 ./Drivers/STM32F4xx_HAL_Driver/Src/stm32f4xx_hal.o
 .comment       0x0000000000000050       0x51 ./Drivers/STM32F4xx_HAL_Driver/Src/stm32f4xx_hal_cortex.o
 .comment       0x0000000000000050       0x51 ./Drivers/STM32F4xx_HAL_Driver/Src/stm32f4xx_hal_gpio.o
 .comment       0x0000000000000050       0x51 ./Drivers/STM32F4xx_HAL_Driver/Src/stm32f4xx_hal_rcc.o
 .comment       0x0000000000000050       0x51 ./Drivers/STM32F4xx_HAL_Driver/Src/stm32f4xx_hal_spi.o

.debug_frame    0x0000000000000000     0x17b4
 .debug_frame   0x0000000000000000       0xf4 ./Core/Src/PCA21125.o
 .debug_frame   0x00000000000000f4       0xc8 ./Core/Src/main.o
 .debug_frame   0x00000000000001bc       0x80 ./Core/Src/stm32f4xx_hal_msp.o
 .debug_frame   0x000000000000023c      0x104 ./Core/Src/stm32f4xx_it.o
 .debug_frame   0x0000000000000340       0x58 ./Core/Src/system_stm32f4xx.o
 .debug_frame   0x0000000000000398      0x374 ./Drivers/STM32F4xx_HAL_Driver/Src/stm32f4xx_hal.o
 .debug_frame   0x000000000000070c      0x498 ./Drivers/STM32F4xx_HAL_Driver/Src/stm32f4xx_hal_cortex.o
 .debug_frame   0x0000000000000ba4      0x14c ./Drivers/STM32F4xx_HAL_Driver/Src/stm32f4xx_hal_gpio.o
 .debug_frame   0x0000000000000cf0      0x1f4 ./Drivers/STM32F4xx_HAL_Driver/Src/stm32f4xx_hal_rcc.o
 .debug_frame   0x0000000000000ee4      0x824 ./Drivers/STM32F4xx_HAL_Driver/Src/stm32f4xx_hal_spi.o
 .debug_frame   0x0000000000001708       0x2c c:/st/stm32cubeide_1.11.0/stm32cubeide/plugins/com.st.stm32cube.ide.mcu.externaltools.gnu-tools-for-stm32.10.3-2021.10.win32_1.0.100.202210260954/tools/bin/../lib/gcc/arm-none-eabi/10.3.1/../../../../arm-none-eabi/lib/thumb/v7e-m+fp/hard\libc_nano.a(lib_a-init.o)
 .debug_frame   0x0000000000001734       0x20 c:/st/stm32cubeide_1.11.0/stm32cubeide/plugins/com.st.stm32cube.ide.mcu.externaltools.gnu-tools-for-stm32.10.3-2021.10.win32_1.0.100.202210260954/tools/bin/../lib/gcc/arm-none-eabi/10.3.1/../../../../arm-none-eabi/lib/thumb/v7e-m+fp/hard\libc_nano.a(lib_a-memset.o)
 .debug_frame   0x0000000000001754       0x2c c:/st/stm32cubeide_1.11.0/stm32cubeide/plugins/com.st.stm32cube.ide.mcu.externaltools.gnu-tools-for-stm32.10.3-2021.10.win32_1.0.100.202210260954/tools/bin/../lib/gcc/arm-none-eabi/10.3.1/thumb/v7e-m+fp/hard\libgcc.a(_aeabi_uldivmod.o)
 .debug_frame   0x0000000000001780       0x34 c:/st/stm32cubeide_1.11.0/stm32cubeide/plugins/com.st.stm32cube.ide.mcu.externaltools.gnu-tools-for-stm32.10.3-2021.10.win32_1.0.100.202210260954/tools/bin/../lib/gcc/arm-none-eabi/10.3.1/thumb/v7e-m+fp/hard\libgcc.a(_udivmoddi4.o)
